GNU gdb (GDB) 7.6.1
Copyright (C) 2013 Free Software Foundation, Inc.
License GPLv3+: GNU GPL version 3 or later <http://gnu.org/licenses/gpl.html>
This is free software: you are free to change and redistribute it.
There is NO WARRANTY, to the extent permitted by law.  Type "show copying"
and "show warranty" for details.
This GDB was configured as "mingw32".
For bug reporting instructions, please see:
<http://www.gnu.org/software/gdb/bugs/>...
Reading symbols from C:\Users\lenovo\OneDrive\Documents\FPC\sem2\c_activity_sets\set01\a.exe...done.
(gdb) r
Starting program: C:\Users\lenovo\OneDrive\Documents\FPC\sem2\c_activity_sets\set01/a.exe
[New Thread 8380.0x4180]
[New Thread 8380.0x2ff0]
smriti.n[Inferior 1 (process 8380) exited normally]
(gdb) l
1       // 1. Write a C program to print your name.
2
3       #include <stdio.h>
4       int main()
5       {
6           printf("smriti.n");
7           return 0;
8       }(gdb) b 2
Breakpoint 1 at 0x40146e: file problem01.c, line 2.
(gdb) r
Starting program: C:\Users\lenovo\OneDrive\Documents\FPC\sem2\c_activity_sets\set01/a.exe
[New Thread 15672.0x3994]
[New Thread 15672.0x1a4c]

Breakpoint 1, main () at problem01.c:6
6           printf("smriti.n");
(gdb) n
smriti.n7           return 0;
(gdb) n
8       }(gdb) n
0x00401288 in __register_frame_info ()
(gdb) q
A debugging session is active.

        Inferior 1 [process 15672] will be killed.

Quit anyway? (y or n) y
error return ../../gdb-7.6.1/gdb/windows-nat.c:1275 was 5

