gcc.exe: error: problem07.c: No such file or directory
gcc.exe: fatal error: no input files
compilation terminated.
PS C:\Users\lenovo\OneDrive\Documents\FPC\sem2\c_activity_sets> cd set01
PS C:\Users\lenovo\OneDrive\Documents\FPC\sem2\c_activity_sets\set01> gcc problem07.c -O0 -g
PS C:\Users\lenovo\OneDrive\Documents\FPC\sem2\c_activity_sets\set01> gdb a.exe
GNU gdb (GDB) 7.6.1
Copyright (C) 2013 Free Software Foundation, Inc.
License GPLv3+: GNU GPL version 3 or later <http://gnu.org/licenses/gpl.html>
This is free software: you are free to change and redistribute it.
There is NO WARRANTY, to the extent permitted by law.  Type "show copying"
and "show warranty" for details.
This GDB was configured as "mingw32".
For bug reporting instructions, please see:
<http://www.gnu.org/software/gdb/bugs/>...
Reading symbols from C:\Users\lenovo\OneDrive\Documents\FPC\sem2\c_activity_sets\set01\a.exe...done.
(gdb) l
1       #include <stdio.h>
2
3       int input_n();
4       int sum_n_nos(int n);
5       void output(int n, int sum);
6
7       int main()
8       {
9           int n, sum;
10          n=input_n();
(gdb) b 10
Breakpoint 1 at 0x40146e: file problem07.c, line 10.
(gdb) r
Starting program: C:\Users\lenovo\OneDrive\Documents\FPC\sem2\c_activity_sets\set01/a.exe
[New Thread 7496.0x24f8]
[New Thread 7496.0x3bb4]

Breakpoint 1, main () at problem07.c:10
10          n=input_n();
(gdb) n
enter the natural number:5
11          sum=sum_n_nos(n);
(gdb) n
12          output(n,sum);
(gdb) n
the sum of natural nos is 1514      return 0;
(gdb) q
A debugging session is active.

        Inferior 1 [process 7496] will be killed.

Quit anyway? (y or n) y
error return ../../gdb-7.6.1/gdb/windows-nat.c:1275 was 5