GNU gdb (GDB) 7.6.1
Copyright (C) 2013 Free Software Foundation, Inc.
License GPLv3+: GNU GPL version 3 or later <http://gnu.org/licenses/gpl.html>
This is free software: you are free to change and redistribute it.
There is NO WARRANTY, to the extent permitted by law.  Type "show copying"
and "show warranty" for details.
This GDB was configured as "mingw32".
For bug reporting instructions, please see:
<http://www.gnu.org/software/gdb/bugs/>...
Reading symbols from C:\Users\lenovo\OneDrive\Documents\FPC\sem2\c_activity_sets\set01\a.exe...done.
(gdb) b 2
Breakpoint 1 at 0x40146e: file problem02.c, line 2.
(gdb) l
1       //2. Write a C program to add two numbers.
2
3       #include <stdio.h>
4       int main()
5       {
6           int a, b, sum;
7           printf("enter the numbers:");
8           scanf("%d %d",&a,&b);
9           sum=a+b;
10          printf("the sum of %d and %d is %d",a,b,sum);
(gdb) r
Starting program: C:\Users\lenovo\OneDrive\Documents\FPC\sem2\c_activity_sets\set01/a.exe
[New Thread 7680.0x1768]
[New Thread 7680.0x1170]

Breakpoint 1, main () at problem02.c:7
7           printf("enter the numbers:");
(gdb) q
A debugging session is active.

        Inferior 1 [process 7680] will be killed.

Quit anyway? (y or n) y
error return ../../gdb-7.6.1/gdb/windows-nat.c:1275 was 5
PS C:\Users\lenovo\OneDrive\Documents\FPC\sem2\c_activity_sets\set01> gdb a.exe
GNU gdb (GDB) 7.6.1
Copyright (C) 2013 Free Software Foundation, Inc.
License GPLv3+: GNU GPL version 3 or later <http://gnu.org/licenses/gpl.html>
This is free software: you are free to change and redistribute it.
There is NO WARRANTY, to the extent permitted by law.  Type "show copying"
and "show warranty" for details.
This GDB was configured as "mingw32".
For bug reporting instructions, please see:
<http://www.gnu.org/software/gdb/bugs/>...
Reading symbols from C:\Users\lenovo\OneDrive\Documents\FPC\sem2\c_activity_sets\set01\a.exe...done.
(gdb) b 15
No line 15 in the current file.
Make breakpoint pending on future shared library load? (y or [n]) y
Breakpoint 1 (15) pending.
(gdb) r
Starting program: C:\Users\lenovo\OneDrive\Documents\FPC\sem2\c_activity_sets\set01/a.exe
[New Thread 10592.0x2490]
[New Thread 10592.0x3914]
enter the numbers:2
1
the sum of 2 and 1 is 3[Inferior 1 (process 10592) exited normally]
(gdb) q
PS C:\Users\lenovo\OneDrive\Documents\FPC\sem2\c_activity_sets\set01> gdb a.exe
GNU gdb (GDB) 7.6.1
Copyright (C) 2013 Free Software Foundation, Inc.
License GPLv3+: GNU GPL version 3 or later <http://gnu.org/licenses/gpl.html>
This is free software: you are free to change and redistribute it.
There is NO WARRANTY, to the extent permitted by law.  Type "show copying"
and "show warranty" for details.
This GDB was configured as "mingw32".
For bug reporting instructions, please see:
<http://www.gnu.org/software/gdb/bugs/>...
Reading symbols from C:\Users\lenovo\OneDrive\Documents\FPC\sem2\c_activity_sets\set01\a.exe...done.
(gdb) r
Starting program: C:\Users\lenovo\OneDrive\Documents\FPC\sem2\c_activity_sets\set01/a.exe
[New Thread 13268.0x38c4]
[New Thread 13268.0x2e28]
enter the numbers:2
1
the sum of 2 and 1 is 3[Inferior 1 (process 13268) exited normally]
(gdb) q
