GNU gdb (GDB) 7.6.1
Copyright (C) 2013 Free Software Foundation, Inc.
License GPLv3+: GNU GPL version 3 or later <http://gnu.org/licenses/gpl.html>
This is free software: you are free to change and redistribute it.
There is NO WARRANTY, to the extent permitted by law.  Type "show copying"
and "show warranty" for details.
This GDB was configured as "mingw32".
For bug reporting instructions, please see:
<http://www.gnu.org/software/gdb/bugs/>...
Reading symbols from C:\Users\lenovo\OneDrive\Documents\FPC\sem2\c_activity_sets\set01\a.exe...done.
(gdb) b 11
Breakpoint 1 at 0x40147b: file problem08.c, line 11.
(gdb) r
Starting program: C:\Users\lenovo\OneDrive\Documents\FPC\sem2\c_activity_sets\set01/a.exe
[New Thread 492.0x1764]
[New Thread 492.0x3f38]

Breakpoint 1, main () at problem08.c:11
11          n = input_array_size();
(gdb) n
enter the array size:3
12          int a[n];
(gdb) n
13          input_array(n, a);
(gdb) n
enter the number:2
enter the number:2
enter the number:2
14          int sum = sum_n_array(n, a);
(gdb) n
15          output(n, a, sum);
(gdb) n
the sum is 83949048217     return 0;
(gdb) q
A debugging session is active.

        Inferior 1 [process 492] will be killed.

Quit anyway? (y or n) y
error return ../../gdb-7.6.1/gdb/windows-nat.c:1275 was 5